// Jest Snapshot v1, https://goo.gl/fbAQLP

exports[`MockAppWrapper render correctly 1`] = `
<div
  className="child"
/>
`;
