// Jest Snapshot v1, https://goo.gl/fbAQLP

exports[`about render correctly 1`] = `
Array [
  <div
    className="root"
  >
    <div
      className="container"
    >
      <div
        className="root"
        role="navigation"
      >
        <a
          className="link"
          href="/about"
          onClick={[Function]}
        >
          About
        </a>
        <a
          className="link"
          href="/contact"
          onClick={[Function]}
        >
          Contact
        </a>
        <span
          className="spacer"
        >
           | 
        </span>
        <a
          className="link"
          href="/login"
          onClick={[Function]}
        >
          Log in
        </a>
        <span
          className="spacer"
        >
          or
        </span>
        <a
          className="link highlight"
          href="/register"
          onClick={[Function]}
        >
          Sign up
        </a>
      </div>
      <a
        className="brand"
        href="/"
        onClick={[Function]}
      >
        <img
          alt="React"
          height="38"
          src="logo-small.png"
          srcSet="logo-small@2x.png 2x"
          width="38"
        />
        <span
          className="brand-txt"
        >
          Your Company
        </span>
      </a>
      <div
        className="banner"
      >
        <h1
          className="banner-title"
        >
          React
        </h1>
        <p
          className="banner-desc"
        >
          Complex web apps made easy
        </p>
      </div>
    </div>
  </div>,
  <div
    className="root"
  >
    <div
      className="container"
    >
      <h1 />
      <div
        dangerouslySetInnerHTML={
          Object {
            "__html": undefined,
          }
        }
      />
    </div>
  </div>,
  <div
    className="root"
  >
    <div
      className="container"
    >
      <a
        className="link"
        href="https://gitter.im/kriasoft/react-starter-kit"
      >
        Ask a question
      </a>
      <span
        className="spacer"
      >
        |
      </span>
      <a
        className="link"
        href="https://github.com/kriasoft/react-starter-kit/issues/new"
      >
        Report an issue
      </a>
    </div>
  </div>,
  <div
    className="root"
  >
    <div
      className="container"
    >
      <span
        className="text"
      >
        © Your Company
      </span>
      <span
        className="spacer"
      >
        ·
      </span>
      <a
        className="link"
        href="/"
        onClick={[Function]}
      >
        Home
      </a>
      <span
        className="spacer"
      >
        ·
      </span>
      <a
        className="link"
        href="/admin"
        onClick={[Function]}
      >
        Admin
      </a>
      <span
        className="spacer"
      >
        ·
      </span>
      <span
        className="link"
        onClick={[Function]}
        role="presentation"
      >
        Privacy
      </span>
      <span
        className="spacer"
      >
        ·
      </span>
      <a
        className="link"
        href="/not-found"
        onClick={[Function]}
      >
        Not Found
      </a>
    </div>
  </div>,
]
`;
