// Jest Snapshot v1, https://goo.gl/fbAQLP

exports[`ModalList render correctly 1`] = `null`;
