// Jest Snapshot v1, https://goo.gl/fbAQLP

exports[`Feedback render correctly 1`] = `
<div
  className="root"
>
  <div
    className="container"
  >
    <a
      className="link"
      href="https://gitter.im/kriasoft/react-starter-kit"
    >
      Ask a question
    </a>
    <span
      className="spacer"
    >
      |
    </span>
    <a
      className="link"
      href="https://github.com/kriasoft/react-starter-kit/issues/new"
    >
      Report an issue
    </a>
  </div>
</div>
`;
