// Jest Snapshot v1, https://goo.gl/fbAQLP

exports[`MessageModal render correctly 1`] = `
<div
  className="root modal overlay"
  onClick={[Function]}
  role="presentation"
>
  <div
    className="container"
  >
    <div
      className="icon message"
    />
    <div
      className="message-content"
    >
      
    </div>
    <div
      className="button-group"
    />
  </div>
</div>
`;
