// Jest Snapshot v1, https://goo.gl/fbAQLP

exports[`Contact render correctly 1`] = `
<div
  className="root"
>
  <div
    className="container"
  >
    <h1>
      title
    </h1>
    <p>
      ...
    </p>
  </div>
</div>
`;
