// Jest Snapshot v1, https://goo.gl/fbAQLP

exports[`ModalWrapper render correctly 1`] = `
<div
  className="root"
  onClick={[Function]}
  role="presentation"
>
  <div
    className="child"
  />
</div>
`;
